STM32_pwm_lib.c:26:9:convert_digits_to_number	16	static
STM32_pwm_lib.c:31:10:calculate_duty_cycle	24	static
STM32_pwm_lib.c:38:10:calculate_pulse_width	8	static
STM32_pwm_lib.c:42:5:receive_duty_cycle	8	static
STM32_pwm_lib.c:54:6:receive_led_input	8	static
STM32_pwm_lib.c:58:6:print_duty_cycle_prompt	48	static
STM32_pwm_lib.c:63:6:print_led_prompt	72	static
STM32_pwm_lib.c:68:6:credential_print	56	static
STM32_pwm_lib.c:75:6:carriage_newline_print	16	static
STM32_pwm_lib.c:81:6:led_percentage_print	8	static
STM32_pwm_lib.c:86:13:led_percentage	56	static
STM32_pwm_lib.c:97:6:dim_chosen_led	16	static
STM32_pwm_lib.c:112:6:chosen_led	4	static
STM32_pwm_lib.c:116:5:which_led_print	8	static
STM32_pwm_lib.c:120:12:which_led	128	static
STM32_pwm_lib.c:147:6:config_system_clock	184	static
STM32_pwm_lib.c:206:6:adjust_tim1_pulse_width	16	static
STM32_pwm_lib.c:210:6:adjust_tim2_pulse_width	16	static
STM32_pwm_lib.c:219:6:init_tim1	128	static
STM32_pwm_lib.c:299:6:init_tim2	80	static
STM32_pwm_lib.c:358:6:init_usart2_uart	16	static
STM32_pwm_lib.c:393:6:init_gpio	24	static
STM32_pwm_lib.c:403:6:complement_tim_pwm_start	8	static
STM32_pwm_lib.c:407:6:tim_pwm_start	8	static
STM32_pwm_lib.c:411:6:init_hal	8	static
STM32_pwm_lib.c:422:6:Error_Handler	4	static,ignoring_inline_asm
